// Jest Snapshot v1, https://goo.gl/fbAQLP

exports[`ExpenseList component 1`] = `
<div>
  <h2>
    Expense List Items
  </h2>
  <ExpenseListItems
    amount={195}
    createdAt={345600000}
    description="Gum"
    id="1"
    key="1"
    note=""
  />
  <ExpenseListItems
    amount={109500}
    createdAt={-345600000}
    description="Rent"
    id="2"
    key="2"
    note=""
  />
  <ExpenseListItems
    amount={4500}
    createdAt={0}
    description="Credit Card"
    id="3"
    key="3"
    note=""
  />
</div>
`;

exports[`should render expense list with empty message 1`] = `
<div>
  <h2>
    Expense List Items
  </h2>
  <p>
    No expense
  </p>
</div>
`;
