// Jest Snapshot v1, https://goo.gl/fbAQLP

exports[`not found page component 1`] = `
<div>
  404! ~ 
  <Link
    to="/"
  >
    Home
  </Link>
</div>
`;
